// Jest Snapshot v1, https://goo.gl/fbAQLP

exports[`<Col /> renders correctly 1`] = `
<div
  className="alf-col test-class"
  style={
    Object {
      "color": "red",
    }
  }
>
  <div>
    Test
  </div>
</div>
`;
