// Jest Snapshot v1, https://goo.gl/fbAQLP

exports[`<Row /> renders correctly 1`] = `
<div
  aria-hidden={false}
  className="alf-row test-class"
  style={
    Object {
      "color": "red",
    }
  }
>
  <div>
    Test
  </div>
</div>
`;
