// Jest Snapshot v1, https://goo.gl/fbAQLP

exports[`<Breadcrumb /> renders correctly 1`] = `
<p
  className="breadcrumb"
>
  <span>
     
    1 &gt;
     
  </span>
  <span>
    <b>
       
      3
    </b>
  </span>
</p>
`;
