// Jest Snapshot v1, https://goo.gl/fbAQLP

exports[`<ItemsResult /> renders correctly 1`] = `<div />`;
